<?xml version="1.0" encoding="utf-8"?><testsuite errors="0" failures="0" name="pytest" skips="0" tests="5" time="0.013"><testcase classname="sources.test_calc.TestCalc" file="sources/test_calc.py" line="15" name="test_add_floats" time="0.000540971755981"></testcase><testcase classname="sources.test_calc.TestCalc" file="sources/test_calc.py" line="8" name="test_add_integers" time="0.000399827957153"></testcase><testcase classname="sources.test_calc.TestCalc" file="sources/test_calc.py" line="30" name="test_add_string_and_integer" time="0.000415086746216"></testcase><testcase classname="sources.test_calc.TestCalc" file="sources/test_calc.py" line="38" name="test_add_string_and_number" time="0.000405788421631"></testcase><testcase classname="sources.test_calc.TestCalc" file="sources/test_calc.py" line="22" name="test_add_strings" time="0.000378131866455"></testcase></testsuite>